// Jest Snapshot v1, https://goo.gl/fbAQLP

exports[`Should render PostDetailed component with correct user response is expected to match the snapshot 1`] = `
Object {
  "asFragment": [Function],
  "baseElement": <body>
    <div>
      <div
        class="postDetailed"
      >
        <h3
          class="typography undefined"
        >
          My post title
        </h3>
        <p
          class="typography undefined"
        >
          My post content
        </p>
        <div
          class="postDetailed__line"
        >
          <button
            class="button primary"
          >
            Edit
          </button>
          <button
            class="button danger"
          >
            Delete
          </button>
        </div>
        <p
          class="typography error__hide"
        >
          Please, Enter valid values ​​for title and body
        </p>
      </div>
    </div>
  </body>,
  "container": <div>
    <div
      class="postDetailed"
    >
      <h3
        class="typography undefined"
      >
        My post title
      </h3>
      <p
        class="typography undefined"
      >
        My post content
      </p>
      <div
        class="postDetailed__line"
      >
        <button
          class="button primary"
        >
          Edit
        </button>
        <button
          class="button danger"
        >
          Delete
        </button>
      </div>
      <p
        class="typography error__hide"
      >
        Please, Enter valid values ​​for title and body
      </p>
    </div>
  </div>,
  "debug": [Function],
  "findAllByAltText": [Function],
  "findAllByDisplayValue": [Function],
  "findAllByLabelText": [Function],
  "findAllByPlaceholderText": [Function],
  "findAllByRole": [Function],
  "findAllByTestId": [Function],
  "findAllByText": [Function],
  "findAllByTitle": [Function],
  "findByAltText": [Function],
  "findByDisplayValue": [Function],
  "findByLabelText": [Function],
  "findByPlaceholderText": [Function],
  "findByRole": [Function],
  "findByTestId": [Function],
  "findByText": [Function],
  "findByTitle": [Function],
  "getAllByAltText": [Function],
  "getAllByDisplayValue": [Function],
  "getAllByLabelText": [Function],
  "getAllByPlaceholderText": [Function],
  "getAllByRole": [Function],
  "getAllByTestId": [Function],
  "getAllByText": [Function],
  "getAllByTitle": [Function],
  "getByAltText": [Function],
  "getByDisplayValue": [Function],
  "getByLabelText": [Function],
  "getByPlaceholderText": [Function],
  "getByRole": [Function],
  "getByTestId": [Function],
  "getByText": [Function],
  "getByTitle": [Function],
  "queryAllByAltText": [Function],
  "queryAllByDisplayValue": [Function],
  "queryAllByLabelText": [Function],
  "queryAllByPlaceholderText": [Function],
  "queryAllByRole": [Function],
  "queryAllByTestId": [Function],
  "queryAllByText": [Function],
  "queryAllByTitle": [Function],
  "queryByAltText": [Function],
  "queryByDisplayValue": [Function],
  "queryByLabelText": [Function],
  "queryByPlaceholderText": [Function],
  "queryByRole": [Function],
  "queryByTestId": [Function],
  "queryByText": [Function],
  "queryByTitle": [Function],
  "rerender": [Function],
  "unmount": [Function],
}
`;
